[jasminegunarto.com/index.html]
[backblue.gif]
[fade.gif]
[index.html]
[jasminegunarto.com/wp-content/litespeed/css/2fdddb57d8b6b16c50c469e7ff08412bde03.css]
[jasminegunarto.com/wp-includes/js/jquery/jquery.min.js]
[jasminegunarto.com/wp-json/index.html]
[jasminegunarto.com/wp-json/wp/v2/pages/2.json]
[jasminegunarto.com/xmlrpc0db0.php]
[jasminegunarto.com/wp-json/oembed/1.0/embed50b4.json]
[jasminegunarto.com/wp-json/oembed/1.0/embedaeef]
[jasminegunarto.com/wp-content/themes/theme-jasmine/dist/MG-B-BiU9T5KX.woff2]
[jasminegunarto.com/wp-content/themes/theme-jasmine/dist/MG-BL-BdR8LHFG.woff2]
[jasminegunarto.com/wp-content/themes/theme-jasmine/dist/MG-EB-DCIsQNoG.woff2]
[jasminegunarto.com/wp-content/uploads/2026/01/favicon-1.5-150x150.png]
[jasminegunarto.com/wp-content/uploads/2026/01/favicon-1.5-300x300.png]
[jasminegunarto.com/wp-content/uploads/2026/01/avantgarde_still-scaled-2.webp]
[jasminegunarto.com/break/index.html]
[jasminegunarto.com/works/index.html]
[jasminegunarto.com/about/index.html]
[jasminegunarto.com/wp-content/uploads/2026/01/hotpot_styleframe18-1.webp]
[jasminegunarto.com/wp-content/uploads/2026/02/jgunarto_demoreel_compressed_1.mp4]
[jasminegunarto.com/wp-content/uploads/2025/09/f-hotpot.mp4]
[jasminegunarto.com/home-in-a-hot-pot/index.html]
[jasminegunarto.com/wp-content/uploads/2026/01/flow_stickers-scaled-2.webp]
[jasminegunarto.com/wp-content/uploads/2025/12/f-precollege.mp4]
[jasminegunarto.com/flow-studio-branding/index.html]
[jasminegunarto.com/pre-college-2025/index.html]
[jasminegunarto.com/wp-content/uploads/2026/01/precollege_still-scaled-1.webp]
[jasminegunarto.com/wp-content/uploads/2026/01/jgunarto_p03_Frame08-1.webp]
[jasminegunarto.com/cdn-cgi/l/email-protection]
[jasminegunarto.com/the-taste-gap-visual-essay/index.html]
[jasminegunarto.com/pea/index.html]
[jasminegunarto.com/avant-garde-2025/index.html]
[jasminegunarto.com/cdn-cgi/scripts/5c5dd728/cloudflare-static/email-decode.min.js]
[jasminegunarto.com/wp-content/themes/theme-jasmine/dist/front-CRvGeD8Y.js]
[jasminegunarto.com/future-proof/index.html]
[jasminegunarto.com/xenoflora/index.html]
[jasminegunarto.com/graff-mayhem/index.html]
[jasminegunarto.com/index.html]
[jasminegunarto.com/wp-content/litespeed/css/2fdddb57d8b6b16c50c469e7ff08412bde03.css]
[jasminegunarto.com/wp-includes/js/jquery/jquery.min.js]
[jasminegunarto.com/wp-content/litespeed/js/a576fda16f64edb12818eed0d70b41d9de03.js]
[jasminegunarto.com/wp-json/wp/v2/pages/209.json]
[jasminegunarto.com/wp-json/oembed/1.0/embed037b.json]
[jasminegunarto.com/wp-json/oembed/1.0/embed993a]
[jasminegunarto.com/wp-content/uploads/2025/12/f-pinc.mp4]
[jasminegunarto.com/national-ad-council/index.html]
[jasminegunarto.com/pinc/index.html]
[jasminegunarto.com/wp-content/uploads/2025/10/f-pinc-1.webp]
[jasminegunarto.com/telemundo/index.html]
[jasminegunarto.com/vote-boldly/index.html]
[jasminegunarto.com/moving-poster-shinichi-maruyama/index.html]
[jasminegunarto.com/nature-abstraction/index.html]
[jasminegunarto.com/wp-content/uploads/2026/01/jgunarto_praina_nac.mp4]
[jasminegunarto.com/wp-content/uploads/2026/01/nac_still.webp]
[jasminegunarto.com/demo-reel/index.html]
[jasminegunarto.com/einsteins-dreams-title-sequence/index.html]
[jasminegunarto.com/wp-content/uploads/2026/01/jgunarto_proj3_finalpass_1920x1080_3-5sec_v01.mp4]
[jasminegunarto.com/wp-content/uploads/2026/01/telemundo-scaled-1.webp]
[jasminegunarto.com/wp-content/uploads/2026/01/featuredworks_voteboldly.mp4]
[jasminegunarto.com/wp-content/uploads/2026/01/aitv_styleframe2.webp]
[jasminegunarto.com/wp-content/uploads/2026/01/jgunarto_poster_v11-1.mp4]
[jasminegunarto.com/wp-content/uploads/2026/01/movingposter_still-1.webp]
[jasminegunarto.com/wp-content/uploads/2026/01/1_nature_begin_1.webp]
[jasminegunarto.com/wp-content/uploads/2026/01/jgunarto_titles_frame07_v13-1.webp]
[jasminegunarto.com/wp-content/uploads/2026/01/demoreel_still-1.webp]
[jasminegunarto.com/works/index.html]
[jasminegunarto.com/wp-json/wp/v2/pages/211.json]
[jasminegunarto.com/wp-json/oembed/1.0/embed61a6.json]
[jasminegunarto.com/wp-json/oembed/1.0/embed7f50]
[jasminegunarto.com/wp-content/uploads/2026/03/titleslide_1_v05.mp4]
[jasminegunarto.com/wp-content/uploads/2025/12/f-pea.mp4]
[jasminegunarto.com/wp-content/uploads/2026/01/pea_still-scaled-2.webp]
[jasminegunarto.com/wp-content/uploads/2025/12/f-graff.mp4]
[jasminegunarto.com/wp-content/uploads/2026/01/graff_still-scaled-1-1.webp]
[jasminegunarto.com/wp-content/uploads/2026/01/f-fp-1.webp]
[jasminegunarto.com/wp-content/uploads/2025/12/f-xeno-r.mp4]
[jasminegunarto.com/wp-content/uploads/2026/01/xenoflora_still-scaled-1-1.webp]
[jasminegunarto.com/wp-content/uploads/2026/03/self-portrait-copy-1.mp4]
[jasminegunarto.com/wp-content/uploads/2026/01/Dream_still-1.webp]
[jasminegunarto.com/wp-content/uploads/2025/12/f-elemental.mp4]
[jasminegunarto.com/wp-content/uploads/2026/01/element_still-1.webp]
[jasminegunarto.com/wp-content/uploads/2025/12/f-12.mp4]
[jasminegunarto.com/wp-content/uploads/2026/01/12principles_still-scaled-2.webp]
[jasminegunarto.com/wp-content/uploads/2026/01/break_nabe-1.webp]
[jasminegunarto.com/wp-content/uploads/2025/12/f-haku.mp4]
[jasminegunarto.com/wp-content/uploads/2026/01/haku_still-scaled-1-1.webp]
[jasminegunarto.com/break/index.html]
[jasminegunarto.com/sleeping-creature-self-portrait/index.html]
[jasminegunarto.com/wp-json/wp/v2/pages/213.json]
[jasminegunarto.com/12-principles-of-animation/index.html]
[jasminegunarto.com/elemental-alphabet-rotoscope/index.html]
[jasminegunarto.com/wp-json/oembed/1.0/embedb9b4.json]
[jasminegunarto.com/wp-json/oembed/1.0/embedef8e]
[jasminegunarto.com/nabe/index.html]
[jasminegunarto.com/haku-blossom/index.html]
[jasminegunarto.com/wp-content/uploads/2026/03/jas_website_image-scaled.webp]
[jasminegunarto.com/wp-content/uploads/2026/03/JasmineGunarto_resume_MD.pdf]
[jasminegunarto.com/wp-content/uploads/2026/01/favicon-1.5.png]
[jasminegunarto.com/wp-content/uploads/2026/01/favicon-2.png]
[jasminegunarto.com/wp-content/uploads/2026/01/favicon-3-1.png]
[jasminegunarto.com/wp-content/uploads/2026/03/hotpot_loop.webp]
[jasminegunarto.com/wp-content/uploads/2026/03/pinc_loop.webp]
[jasminegunarto.com/wp-content/uploads/2026/03/pc_loop.webp]
[jasminegunarto.com/wp-content/uploads/2026/03/vote_loop-r.gif]
[jasminegunarto.com/wp-content/uploads/2026/03/nac_loop.webp]
[jasminegunarto.com/about/index.html]
[jasminegunarto.com/wp-json/wp/v2/posts/881.json]
[jasminegunarto.com/wp-json/oembed/1.0/embedf03b.json]
[jasminegunarto.com/wp-json/oembed/1.0/embed4ce6]
[jasminegunarto.com/wp-content/uploads/2025/10/jgunarto_hotpot_final.mp4]
[jasminegunarto.com/wp-content/uploads/2026/01/early_02-1.webp]
[jasminegunarto.com/wp-content/uploads/2025/10/early_03-1-scaled-1.webp]
[jasminegunarto.com/wp-content/uploads/2026/01/hotpot_styleframe5.webp]
[jasminegunarto.com/wp-content/uploads/2026/01/early_01-1.webp]
[jasminegunarto.com/wp-content/uploads/2025/10/jgunarto_gold_collision.webp]
[jasminegunarto.com/wp-content/uploads/2026/01/hotpot_styleframe2-1-1.webp]
[jasminegunarto.com/wp-content/uploads/2026/01/hotpot_styleframe3-1-1.webp]
[jasminegunarto.com/wp-content/uploads/2026/01/hotpot_styleframe1-1-1.webp]
[jasminegunarto.com/wp-content/uploads/2026/01/hotpot_styleframe4-1-1.webp]
[jasminegunarto.com/wp-content/uploads/2025/10/img-1.webp]
[jasminegunarto.com/wp-content/uploads/2025/10/process_team-scaled-1.webp]
[jasminegunarto.com/wp-content/uploads/2025/10/process_overall_assets-scaled-1.webp]
[jasminegunarto.com/wp-content/uploads/2026/02/early_04_animatic_comp-1.mp4]
[jasminegunarto.com/wp-content/uploads/2025/10/process_background-scaled-1.webp]
[jasminegunarto.com/wp-content/uploads/2025/10/img-3.webp]
[jasminegunarto.com/wp-content/uploads/2025/10/img-2.webp]
[jasminegunarto.com/wp-content/uploads/2025/10/process_polycam.webp]
[jasminegunarto.com/wp-content/uploads/2025/10/process_food_cutout-scaled-1.webp]
[jasminegunarto.com/wp-content/uploads/2025/10/process_meat-scaled-1.webp]
[jasminegunarto.com/wp-content/uploads/2025/10/process_type_ink-scaled-1.webp]
[jasminegunarto.com/wp-content/uploads/2025/10/process_noodle-scaled-1.webp]
[jasminegunarto.com/wp-content/uploads/2025/10/shotgrid_process_compressed.webp]
[jasminegunarto.com/wp-content/uploads/2025/10/shotgrid_process_01-scaled-1.webp]
[jasminegunarto.com/wp-content/uploads/2025/10/shotgrid_process_05-scaled-1.webp]
[jasminegunarto.com/home-in-a-hot-pot/index.html]
[jasminegunarto.com/wp-json/wp/v2/posts/847.json]
[jasminegunarto.com/wp-json/oembed/1.0/embedf9bf.json]
[jasminegunarto.com/wp-json/oembed/1.0/embed5b00]
[jasminegunarto.com/wp-content/uploads/2026/01/2df29f0b-6820-4896-bb01-a1fb08a1312f-0-scaled-1.webp]
[jasminegunarto.com/wp-content/uploads/2026/01/2df29f0b-6820-4896-bb01-a1fb08a1312f-6-scaled-1.webp]
[jasminegunarto.com/wp-content/uploads/2026/01/2df29f0b-6820-4896-bb01-a1fb08a1312f-2-scaled-1.webp]
[jasminegunarto.com/wp-content/uploads/2026/01/2df29f0b-6820-4896-bb01-a1fb08a1312f-7-scaled-1.webp]
[jasminegunarto.com/wp-content/uploads/2026/01/flow_mock2-scaled-2.webp]
[jasminegunarto.com/wp-content/uploads/2026/01/flow_landyard-scaled-2.webp]
[jasminegunarto.com/wp-content/uploads/2026/01/flow_tote-scaled-2.webp]
[jasminegunarto.com/wp-content/uploads/2026/01/flow_buckethat-scaled-2.webp]
[jasminegunarto.com/wp-content/uploads/2026/01/flow_mock1-scaled-2.webp]
[jasminegunarto.com/wp-content/uploads/2026/01/figma_overall-1.webp]
[jasminegunarto.com/wp-content/uploads/2026/01/figma_logoiteration-scaled-2.webp]
[jasminegunarto.com/wp-content/uploads/2026/01/figma_logo2-scaled-2.webp]
[jasminegunarto.com/wp-content/uploads/2026/01/colours_research-1.webp]
[jasminegunarto.com/wp-content/uploads/2026/01/typeface_research-scaled-1.webp]
[jasminegunarto.com/wp-content/uploads/2026/01/typeface2-scaled-1.webp]
[jasminegunarto.com/wp-content/uploads/2026/01/flow_type-scaled-1.webp]
[jasminegunarto.com/wp-content/uploads/2026/01/flow_type2-scaled-1.webp]
[jasminegunarto.com/wp-content/uploads/2026/01/flow_colorpalette-scaled-2.webp]
[jasminegunarto.com/wp-content/uploads/2026/01/flow_logo_overall-scaled-2.webp]
[jasminegunarto.com/flow-studio-branding/index.html]
[jasminegunarto.com/wp-json/wp/v2/posts/873.json]
[jasminegunarto.com/wp-json/oembed/1.0/embed42e2.json]
[jasminegunarto.com/wp-json/oembed/1.0/embed368a]
[jasminegunarto.com/wp-content/uploads/2026/02/PC_Motion_v12.mp4]
[jasminegunarto.com/wp-content/uploads/2026/01/PC_1.webp]
[jasminegunarto.com/wp-content/uploads/2026/01/12.5.webp]
[jasminegunarto.com/wp-content/uploads/2026/01/PC_11.webp]
[jasminegunarto.com/wp-content/uploads/2026/01/AAF_2025_Pro_Silver_District_Laurels_PINC.webp]
[jasminegunarto.com/wp-content/uploads/2026/01/PC_MotionTeaser_ImagineFuture.mp4]
[jasminegunarto.com/wp-content/uploads/2026/01/Apps-Now-Open_Vertical.mp4]
[jasminegunarto.com/wp-content/uploads/2026/01/Make-Your-Summer-Count_Vertical.mp4]
[jasminegunarto.com/wp-content/uploads/2026/01/PC_MotionTeaser_FindCommunity.mp4]
[jasminegunarto.com/wp-content/uploads/2026/01/mhollerRCAD_PreCollege2025_10-scaled-1.webp]
[jasminegunarto.com/wp-content/uploads/2026/01/pc_v3-1-1.webp]
[jasminegunarto.com/wp-content/uploads/2026/01/pc_v4-1-1.webp]
[jasminegunarto.com/wp-content/uploads/2026/01/pc_v5_1-1-1.webp]
[jasminegunarto.com/wp-content/uploads/2026/01/pc_v5_2-1-1.webp]
[jasminegunarto.com/pre-college-2025/index.html]
[jasminegunarto.com/wp-json/wp/v2/posts/986.json]
[jasminegunarto.com/wp-json/oembed/1.0/embed1d4b.json]
[jasminegunarto.com/wp-json/oembed/1.0/embed1df3]
[jasminegunarto.com/wp-content/uploads/2026/01/exploration5-1.webp]
[jasminegunarto.com/wp-content/uploads/2026/01/873a6f68ae2c4ef427639ff44e2e1558ce186f8f.webp]
[jasminegunarto.com/wp-content/uploads/2026/01/exploration3-1.webp]
[jasminegunarto.com/wp-content/uploads/2026/01/bab66bb36b4e49e50d7328a24fc970d46ee8a195-1.webp]
[jasminegunarto.com/wp-content/uploads/2026/01/jgunarto_p03_Frame01-1.webp]
[jasminegunarto.com/wp-content/uploads/2026/01/jgunarto_p03_Frame02-1.webp]
[jasminegunarto.com/wp-content/uploads/2026/01/jgunarto_p03_Frame03-1.webp]
[jasminegunarto.com/wp-content/uploads/2026/01/jgunarto_p03_Frame04-1.webp]
[jasminegunarto.com/wp-content/uploads/2026/01/jgunarto_p03_Frame05-1.webp]
[jasminegunarto.com/wp-content/uploads/2026/01/jgunarto_p03_Frame06-1.webp]
[jasminegunarto.com/wp-content/uploads/2026/01/jgunarto_p03_Frame07-1.webp]
[jasminegunarto.com/wp-content/uploads/2026/01/jgunarto_p03_Frame09-1.webp]
[jasminegunarto.com/wp-content/uploads/2026/01/Design-Approach-scaled-2.webp]
[jasminegunarto.com/wp-content/uploads/2026/01/7-Beats-scaled-2.webp]
[jasminegunarto.com/wp-content/uploads/2026/01/1-UP-02_v02-1.webp]
[jasminegunarto.com/wp-content/uploads/2026/01/exploration2-1.webp]
[jasminegunarto.com/wp-content/uploads/2026/01/exploration1-1.webp]
[jasminegunarto.com/wp-content/uploads/2026/01/Storyboard-01-scaled-1.webp]
[jasminegunarto.com/wp-content/uploads/2026/01/Storyboard-02-scaled-1.webp]
[jasminegunarto.com/wp-content/uploads/2026/01/Storyboard-03-scaled-1.webp]
[jasminegunarto.com/wp-content/uploads/2026/01/Storyboard-04-scaled-1.webp]
[jasminegunarto.com/wp-content/uploads/2026/01/Storyboard-05-scaled-1.webp]
[jasminegunarto.com/wp-content/uploads/2026/01/Storyboard-06-scaled-1.webp]
[jasminegunarto.com/wp-content/uploads/2026/01/Narrative-scaled-2.webp]
[jasminegunarto.com/the-taste-gap-visual-essay/index.html]
[jasminegunarto.com/wp-json/wp/v2/posts/997.json]
[jasminegunarto.com/wp-json/oembed/1.0/embed8dc5.json]
[jasminegunarto.com/wp-json/oembed/1.0/embed152d]
[jasminegunarto.com/avant-garde-2025/index.html]
[jasminegunarto.com/wp-json/wp/v2/posts/638.json]
[jasminegunarto.com/wp-json/oembed/1.0/embed0e13.json]
[jasminegunarto.com/wp-json/oembed/1.0/embed955e]
[jasminegunarto.com/pea/index.html]
[jasminegunarto.com/wp-json/wp/v2/posts/594.json]
[jasminegunarto.com/wp-json/oembed/1.0/embedc72d.json]
[jasminegunarto.com/wp-json/oembed/1.0/embed6694]
[jasminegunarto.com/graff-mayhem/index.html]
[jasminegunarto.com/wp-json/wp/v2/posts/640.json]
[jasminegunarto.com/wp-json/oembed/1.0/embed2415.json]
[jasminegunarto.com/wp-json/oembed/1.0/embed8e09]
[jasminegunarto.com/future-proof/index.html]
[jasminegunarto.com/wp-json/wp/v2/posts/634.json]
[jasminegunarto.com/wp-json/oembed/1.0/embedf1c7.json]
[jasminegunarto.com/wp-json/oembed/1.0/embedd07c]
[jasminegunarto.com/xenoflora/index.html]
[jasminegunarto.com/cdn-cgi/l/email-protection.html]
[jasminegunarto.com/wp-content/themes/theme-jasmine/dist/front-CRvGeD8Y.js]
[jasminegunarto.com/wp-content/plugins/litespeed-cache/guest.vary.html]
[jasminegunarto.com/wp-content/litespeed/js/a576fda16f64edb12818eed0d70b41d9de03.js]
[jasminegunarto.com/index4e6a.html]
[jasminegunarto.com/wp-content/litespeed/css/7e1dc91904eb00670780c02ed5437298e473.css]
[jasminegunarto.com/wp-content/litespeed/css/efc917256f9fd826e04c38aa47f89c99b58e.css]
[jasminegunarto.com/pinc/feed/index.html]
[jasminegunarto.com/wp-content/litespeed/css/2333ce0b0407133ee270b9733b52b329937c.css]
[jasminegunarto.com/wp-content/litespeed/css/31ab50b6c6502cd235d8cf3bcc6f2f047237.css]
[jasminegunarto.com/wp-content/litespeed/js/17acd15a06f8472b9450396f57c8ba02d3b8.js]
[jasminegunarto.com/wp-content/litespeed/js/2a4ec4d8e0e26c3e0da4fd8876861db73554.js]
[jasminegunarto.com/wp-content/litespeed/js/53d5a94654e7eac22353442590ffd330fea6.js]
[jasminegunarto.com/wp-content/litespeed/js/08edaeb47e9e4be58b7730ed474c23a6de39.js]
[jasminegunarto.com/wp-content/litespeed/js/3935fb7f19930bdf865c51f4a76784bafef9.js]
[jasminegunarto.com/wp-content/litespeed/js/319448b7bc52f0eeea65011609ce2d5de68e.js]
[jasminegunarto.com/wp-content/litespeed/js/d1b520469524ed8f8bd62940055d8756f6cc.js]
[jasminegunarto.com/wp-content/litespeed/js/598ddd762fede208c8bbb52210216ef7f87b.js]
[jasminegunarto.com/wp-json/wp/v2/posts/267.json]
[jasminegunarto.com/wp-json/oembed/1.0/embedc745.json]
[jasminegunarto.com/wp-json/oembed/1.0/embedc2ea]
[jasminegunarto.com/wp-content/uploads/2025/10/PINC_full_compress_1.mp4]
[jasminegunarto.com/wp-content/uploads/2026/03/OVERVIEW-scaled-1.webp]
[jasminegunarto.com/wp-content/uploads/2026/03/jgunarto_stylescape_v10-min-scaled-1.webp]
[jasminegunarto.com/wp-content/uploads/2026/03/PACKAGE-scaled-1.webp]
[jasminegunarto.com/wp-content/uploads/2026/03/BOOKLET-MORE-scaled-1.webp]
[jasminegunarto.com/wp-content/uploads/2026/03/AAF_2025_Pro_Silver_District_Laurels_PINC.webp]
[jasminegunarto.com/wp-content/uploads/2026/02/PINC_N-scene-1.mp4]
[jasminegunarto.com/wp-content/uploads/2025/10/PINC_AMBIENT-BG-3_comp.mp4]
[jasminegunarto.com/wp-content/uploads/2025/10/PINC_AMBIENT-BG-1_comp.mp4]
[jasminegunarto.com/wp-content/uploads/2026/02/PINC_I-scene-1.mp4]
[jasminegunarto.com/wp-content/uploads/2026/02/PINC_C-scene-1.mp4]
[jasminegunarto.com/wp-content/uploads/2026/03/jgunarto_241002_styleframe_2_v01.webp]
[jasminegunarto.com/wp-content/uploads/2026/03/jgunarto_241002_styleframe_1_v01.webp]
[jasminegunarto.com/wp-content/uploads/2026/03/jgunarto_240918_styleframe_2_v01.webp]
[jasminegunarto.com/wp-content/uploads/2026/03/jgunarto_240912_styleframe_2_v01.webp]
[jasminegunarto.com/wp-content/uploads/2026/03/POSTER-scaled-1.webp]
[jasminegunarto.com/wp-content/uploads/2026/03/SPEAKER_BADGE-scaled-1.webp]
[jasminegunarto.com/wp-content/uploads/2026/03/BOOKLET-scaled-1.webp]
[jasminegunarto.com/wp-content/uploads/2026/03/pinc-photo.webp]
[jasminegunarto.com/wp-content/litespeed/js/9004f32057f222408484147165a306f2588b.js]
[jasminegunarto.com/pinc/index.html]
[jasminegunarto.com/wp-json/wp/v2/posts/995.json]
[jasminegunarto.com/national-ad-council/feed/index.html]
[jasminegunarto.com/wp-json/oembed/1.0/embed8343.json]
[jasminegunarto.com/wp-json/oembed/1.0/embed31f4]
[jasminegunarto.com/wp-content/uploads/2026/02/jgunarto_praina_nac.mp4]
[jasminegunarto.com/wp-content/uploads/2026/01/Ad_Council_logo_2018.svg_.webp]
[jasminegunarto.com/wp-content/uploads/2026/01/nac_direction1-1-scaled-1.webp]
[jasminegunarto.com/wp-content/uploads/2026/01/Screenshot-2026-01-25-at-11.36.37-am.webp]
[jasminegunarto.com/wp-content/uploads/2026/01/Screenshot-2026-01-25-at-11.37.14-am.webp]
[jasminegunarto.com/wp-content/uploads/2026/01/62AE4E9F-C31A-4315-91A3-60ED27D869AD.webp]
[jasminegunarto.com/wp-content/uploads/2026/01/IMG_4752.webp]
[jasminegunarto.com/wp-content/uploads/2026/01/jgunarto_praina_2-1.mp4]
[jasminegunarto.com/wp-content/uploads/2026/01/jgunarto_praina_1-1.mp4]
[jasminegunarto.com/wp-content/uploads/2026/01/kelly-scaled-1.webp]
[jasminegunarto.com/wp-content/uploads/2026/01/carissafronk-scaled-1.webp]
[jasminegunarto.com/wp-content/uploads/2026/01/37CFE64F-4A40-46E1-B114-935E2EE169C7.webp]
[jasminegunarto.com/wp-content/uploads/2026/01/Screenshot-2026-01-25-at-11.36.48-am.webp]
[jasminegunarto.com/national-ad-council/index.html]
[jasminegunarto.com/wp-json/wp/v2/posts/970.json]
[jasminegunarto.com/wp-json/oembed/1.0/embed41f4.json]
[jasminegunarto.com/wp-json/oembed/1.0/embed6588]
[jasminegunarto.com/wp-content/uploads/2026/02/jgunarto_telemundo_fin.mp4]
[jasminegunarto.com/wp-content/uploads/2026/01/Telemundo-Logo.wine_-scaled-1.webp]
[jasminegunarto.com/wp-content/uploads/2026/01/jgunarto_proj3_secondpass_styleframe1_v01.webp]
[jasminegunarto.com/wp-content/uploads/2026/01/jgunarto_proj3_thirdpass_styleframe1_v01.webp]
[jasminegunarto.com/wp-content/uploads/2026/01/telemundo_pass1-1.mp4]
[jasminegunarto.com/wp-content/uploads/2026/01/telemundo_pass2.mp4]
[jasminegunarto.com/wp-content/uploads/2026/01/telemundo_pass3.mp4]
[jasminegunarto.com/wp-content/uploads/2026/01/jgunarto_proj3_thirdpass_styleframe2_v02.webp]
[jasminegunarto.com/wp-content/uploads/2026/01/telemundo.mp4]
[jasminegunarto.com/wp-content/uploads/2026/01/telemundo_proj3_finalpass_3sec_v01.webm]
[jasminegunarto.com/wp-content/uploads/2026/01/telemundo_proj3_finalpass_5sec.webm]
[jasminegunarto.com/wp-content/uploads/2026/01/jgunarto_proj3_finalpass_styleframe2_v01.webp]
[jasminegunarto.com/wp-content/uploads/2026/01/jgunarto_proj3_finalpass_styleframe1_v01.webp]
[jasminegunarto.com/wp-content/uploads/2026/01/jgunarto_proj3_finalpass_styleframe3_v01.webp]
[jasminegunarto.com/wp-content/uploads/2026/01/jgunarto_proj3_firstpass_styleframe1_v01.webp]
[jasminegunarto.com/wp-content/uploads/2026/01/jgunarto_proj3_firstpass_styleframe2_v01.png.webp]
[jasminegunarto.com/wp-content/uploads/2026/01/jgunarto_proj3_firstpass_styleframe3_v01.png.webp]
[jasminegunarto.com/telemundo/index.html]
[jasminegunarto.com/wp-json/wp/v2/posts/979.json]
[jasminegunarto.com/wp-json/oembed/1.0/embed5f75.json]
[jasminegunarto.com/wp-json/oembed/1.0/embed4e79]
[jasminegunarto.com/wp-content/uploads/2026/01/allin_icon_white_fill.webp]
[jasminegunarto.com/wp-content/uploads/2026/01/Screenshot-2026-01-25-at-7.45.28-pm.webp]
[jasminegunarto.com/wp-content/uploads/2026/01/styleframe2_v03.webp]
[jasminegunarto.com/wp-content/uploads/2026/01/aitv_styleframe1.webp]
[jasminegunarto.com/wp-content/uploads/2026/01/aitv_styleframe3.webp]
[jasminegunarto.com/wp-content/uploads/2026/01/aitv_final_animation_square.mp4]
[jasminegunarto.com/wp-content/uploads/2026/01/vote_01-1.webp]
[jasminegunarto.com/wp-content/uploads/2026/01/vote_02-1.webp]
[jasminegunarto.com/wp-content/uploads/2026/01/styleframe2_v02.webp]
[jasminegunarto.com/wp-content/uploads/2026/01/styleframe2_v04.webp]
[jasminegunarto.com/wp-content/uploads/2026/01/styleframe2_v05.webp]
[jasminegunarto.com/vote-boldly/index.html]
[jasminegunarto.com/wp-json/wp/v2/posts/982.json]
[jasminegunarto.com/wp-json/oembed/1.0/embedb525.json]
[jasminegunarto.com/wp-json/oembed/1.0/embeda6bd]
[jasminegunarto.com/wp-content/uploads/2026/02/jgunarto_poster_final.mp4]
[jasminegunarto.com/wp-content/uploads/2026/01/rainbowcircles-1.webp]
[jasminegunarto.com/wp-content/uploads/2026/01/movingposter3.webp]
[jasminegunarto.com/wp-content/uploads/2026/01/jgunarto_poster_v02-scaled-1.webp]
[jasminegunarto.com/wp-content/uploads/2026/01/test2_v01_movingposter-1.mp4]
[jasminegunarto.com/wp-content/uploads/2026/01/5f09668c16be421865b459b53fccaea51ebc1af7-scaled-1.webp]
[jasminegunarto.com/wp-content/uploads/2026/01/9b3d39cfedeb3c25449e24c028c8b9914b27c4c3-scaled-1.webp]
[jasminegunarto.com/wp-content/uploads/2026/01/movingposter3_v06-scaled-2.webp]
[jasminegunarto.com/wp-content/uploads/2026/01/jgunarto_poster_v01-1.mp4]
[jasminegunarto.com/wp-content/uploads/2026/01/Artist-Works-scaled-1.webp]
[jasminegunarto.com/wp-content/uploads/2026/01/934c672c002a221acacc2af0ab2c06011f02c180.webp]
[jasminegunarto.com/wp-content/uploads/2026/01/0d94ab5709ce3b1d7d00ab808a6095fa99fb9d44.webp]
[jasminegunarto.com/wp-content/uploads/2026/01/54ae81c7c28cf84ceebfd429990e8f3b424f034d.webp]
[jasminegunarto.com/wp-content/uploads/2026/01/earlyexplo_movingposter-1.webp]
[jasminegunarto.com/wp-content/uploads/2026/01/8d116e46ecf4ae9a458eac08df160ddcc013f2db.webp]
[jasminegunarto.com/wp-content/uploads/2026/01/movingposter_PSD.webp]
[jasminegunarto.com/wp-content/uploads/2026/01/movingposter_rainbow_TD-1.webp]
[jasminegunarto.com/wp-content/uploads/2026/01/d1f04b26b5d76eeb7e552a72bd5d228379d68186.webp]
[jasminegunarto.com/wp-content/uploads/2026/01/finalmovingposter_TD.webp]
[jasminegunarto.com/moving-poster-shinichi-maruyama/index.html]
[jasminegunarto.com/wp-json/oembed/1.0/embede4de.json]
[jasminegunarto.com/wp-json/oembed/1.0/embedc444]
[jasminegunarto.com/wp-content/uploads/2026/01/nature_sketch_01.webp]
[jasminegunarto.com/wp-content/uploads/2026/01/nature_des_1-scaled-1.webp]
[jasminegunarto.com/wp-content/uploads/2026/01/nature_des_4-1.webp]
[jasminegunarto.com/wp-content/uploads/2026/01/nature_early_5-scaled-1.webp]
[jasminegunarto.com/wp-content/uploads/2026/01/2_nature_transition_2.webp]
[jasminegunarto.com/wp-content/uploads/2026/01/3_nature_end_3.webp]
[jasminegunarto.com/wp-content/uploads/2026/01/Research-Location-1-min-min-scaled-1-1.webp]
[jasminegunarto.com/wp-content/uploads/2026/01/Research-Location-2-min-min-scaled-1-1.webp]
[jasminegunarto.com/wp-content/uploads/2026/01/Art-Reference-scaled-1.webp]
[jasminegunarto.com/wp-content/uploads/2026/01/nature_sketch_02.webp]
[jasminegunarto.com/wp-content/uploads/2026/01/nature_shapes.webp]
[jasminegunarto.com/wp-content/uploads/2026/01/nature_Group-1.webp]
[jasminegunarto.com/wp-content/uploads/2026/01/nature_early_2-scaled-1.webp]
[jasminegunarto.com/wp-content/uploads/2026/01/nature_early_4-scaled-1.webp]
[jasminegunarto.com/wp-content/uploads/2026/01/nature_des_2-scaled-1.webp]
[jasminegunarto.com/wp-content/uploads/2026/01/nature_des_5-1.webp]
[jasminegunarto.com/nature-abstraction/index.html]
[jasminegunarto.com/wp-json/oembed/1.0/embeda7f2.json]
[jasminegunarto.com/wp-json/oembed/1.0/embed1d3f]
[jasminegunarto.com/wp-content/uploads/2026/01/jgunarto_titles_frame01_v13-1.webp]
[jasminegunarto.com/wp-content/uploads/2026/01/d1dab287ac23c10cfd1f85fba7086d89d5c633f7.webp]
[jasminegunarto.com/wp-content/uploads/2026/01/5180af409ca8f9072db7ca20ced6954abb9fe4df.webp]
[jasminegunarto.com/wp-content/uploads/2026/01/b75dd87a152ee24f1440715338e60dd1a2234cf7.webp]
[jasminegunarto.com/wp-content/uploads/2026/01/3dd96d3a29101e12d222e1322a15fa3727a4793e.webp]
[jasminegunarto.com/wp-content/uploads/2026/01/jgunarto_titles_frame02_v13-1.webp]
[jasminegunarto.com/wp-content/uploads/2026/01/jgunarto_titles_frame03_v13-1.webp]
[jasminegunarto.com/wp-content/uploads/2026/01/jgunarto_titles_frame04_v13-1.webp]
[jasminegunarto.com/wp-content/uploads/2026/01/jgunarto_titles_frame05_v13-1.webp]
[jasminegunarto.com/wp-content/uploads/2026/01/jgunarto_titles_frame06_v13-1.webp]
[jasminegunarto.com/wp-content/uploads/2026/01/jgunarto_titles_frame08_v13-1.webp]
[jasminegunarto.com/wp-content/uploads/2026/01/jgunarto_titles_frame09_v13-1.webp]
[jasminegunarto.com/wp-content/uploads/2026/01/einstein_assignedtext-1.webp]
[jasminegunarto.com/wp-content/uploads/2026/01/Process-3-scaled-1.webp]
[jasminegunarto.com/wp-content/uploads/2026/01/Storyboard-scaled-1.webp]
[jasminegunarto.com/wp-content/uploads/2026/01/einstein_Process-1-scaled-1.webp]
[jasminegunarto.com/wp-content/uploads/2026/01/Process_Map-scaled-1.webp]
[jasminegunarto.com/wp-content/uploads/2026/01/einstein_Process-6-1-scaled-1.webp]
[jasminegunarto.com/wp-content/uploads/2026/01/ai_explore_einstein-scaled-1.webp]
[jasminegunarto.com/wp-content/uploads/2026/01/ae_einstein-scaled-1.webp]
[jasminegunarto.com/wp-content/uploads/2026/01/psd_einstein-scaled-1.webp]
[jasminegunarto.com/wp-content/uploads/2026/01/einstein_earlyframe_5-1.webp]
[jasminegunarto.com/wp-content/uploads/2026/01/einstein_earlyframe_12-1.webp]
[jasminegunarto.com/wp-content/uploads/2026/01/einstein_earlyframe_4-1.webp]
[jasminegunarto.com/wp-content/uploads/2026/01/einstein_earlyframe_2-1.webp]
[jasminegunarto.com/wp-content/uploads/2026/01/einstein_earlyframe_6-1.webp]
[jasminegunarto.com/wp-content/uploads/2026/01/einstein_earlyframe_11-1.webp]
[jasminegunarto.com/einsteins-dreams-title-sequence/index.html]
[jasminegunarto.com/wp-json/wp/v2/posts/1122.json]
[jasminegunarto.com/wp-json/oembed/1.0/embed7c1f.json]
[jasminegunarto.com/wp-json/oembed/1.0/embed5750]
[jasminegunarto.com/demo-reel/index.html]
[jasminegunarto.com/index0114.html]
[jasminegunarto.com/wp-json/wp/v2/posts/632.json]
[jasminegunarto.com/wp-json/oembed/1.0/embed069d.json]
[jasminegunarto.com/wp-json/oembed/1.0/embed427b]
[jasminegunarto.com/sleeping-creature-self-portrait/index.html]
[jasminegunarto.com/wp-json/wp/v2/posts/630.json]
[jasminegunarto.com/wp-json/oembed/1.0/embed8337.json]
[jasminegunarto.com/wp-json/oembed/1.0/embedd15f]
[jasminegunarto.com/elemental-alphabet-rotoscope/index.html]
[jasminegunarto.com/wp-json/wp/v2/posts/628.json]
[jasminegunarto.com/wp-json/oembed/1.0/embed8011.json]
[jasminegunarto.com/wp-json/oembed/1.0/embedb4a6]
[jasminegunarto.com/12-principles-of-animation/index.html]
[jasminegunarto.com/wp-json/wp/v2/posts/600.json]
[jasminegunarto.com/wp-json/oembed/1.0/embedcf30.json]
[jasminegunarto.com/wp-json/oembed/1.0/embed6b42]
[jasminegunarto.com/nabe/index.html]
[jasminegunarto.com/wp-json/wp/v2/posts/599.json]
[jasminegunarto.com/wp-json/oembed/1.0/embed919b.json]
[jasminegunarto.com/wp-json/oembed/1.0/embed1213]
[jasminegunarto.com/haku-blossom/index.html]
[jasminegunarto.com/indexf3dd.html]
[jasminegunarto.com/indexacf9.html]
[jasminegunarto.com/indexdabb.html]
[jasminegunarto.com/indexcc82.html]
[jasminegunarto.com/index80ad.html]
[jasminegunarto.com/index7451.html]
[jasminegunarto.com/indexc9fb.html]
[jasminegunarto.com/index3e9a.html]
[jasminegunarto.com/index55df.html]
[jasminegunarto.com/index5cd0.html]
[jasminegunarto.com/wp-content/litespeed/css/7e1dc91904eb00670780c02ed5437298e473.css]
[jasminegunarto.com/wp-content/litespeed/css/efc917256f9fd826e04c38aa47f89c99b58e.css]
[jasminegunarto.com/wp-content/litespeed/css/2333ce0b0407133ee270b9733b52b329937c.css]
[jasminegunarto.com/wp-content/litespeed/css/31ab50b6c6502cd235d8cf3bcc6f2f047237.css]
[jasminegunarto.com/wp-content/litespeed/js/17acd15a06f8472b9450396f57c8ba02d3b8.js]
[jasminegunarto.com/wp-content/litespeed/js/2a4ec4d8e0e26c3e0da4fd8876861db73554.js]
[jasminegunarto.com/wp-content/litespeed/js/53d5a94654e7eac22353442590ffd330fea6.js]
[jasminegunarto.com/wp-content/litespeed/js/08edaeb47e9e4be58b7730ed474c23a6de39.js]
[jasminegunarto.com/wp-content/litespeed/js/3935fb7f19930bdf865c51f4a76784bafef9.js]
[jasminegunarto.com/wp-content/litespeed/js/319448b7bc52f0eeea65011609ce2d5de68e.js]
[jasminegunarto.com/wp-content/litespeed/js/d1b520469524ed8f8bd62940055d8756f6cc.js]
[jasminegunarto.com/wp-content/litespeed/js/598ddd762fede208c8bbb52210216ef7f87b.js]
[jasminegunarto.com/index3786.html]
[jasminegunarto.com/wp-content/litespeed/js/9004f32057f222408484147165a306f2588b.js]
[jasminegunarto.com/indexac83.html]
[jasminegunarto.com/index1469.html]
[jasminegunarto.com/index4f47.html]
[jasminegunarto.com/index0849.html]
[jasminegunarto.com/wp-content/uploads/2026/01/83ec24bfc397b28c1fbd871e8b1ae385c91a17c6.html]
[jasminegunarto.com/wp-json/wp/v2/posts/960.html]
[jasminegunarto.com/indexca7c.html]
[jasminegunarto.com/wp-json/wp/v2/posts/968.html]
[jasminegunarto.com/index6b6d.html]
[jasminegunarto.com/indexc9bc.html]
[jasminegunarto.com/indexf8fc.html]
[jasminegunarto.com/indexa1c1.html]
[jasminegunarto.com/index9c09.html]
[jasminegunarto.com/index2b8b.html]
[jasminegunarto.com/indexa9e1.html]
[jasminegunarto.com/pinc/Bun/index.html]
[jasminegunarto.com/pinc/Deno/index.html]
[jasminegunarto.com/pinc/Node.js/index.html]
